../Core/Src/main.c:126:5:main	8	static
../Core/Src/main.c:202:6:SystemClock_Config	120	static
../Core/Src/main.c:256:13:MX_ICACHE_Init	8	static
../Core/Src/main.c:284:13:MX_TIM2_Init	40	static
../Core/Src/main.c:329:13:MX_USART1_UART_Init	8	static
../Core/Src/main.c:377:13:MX_USB_PCD_Init	8	static
../Core/Src/main.c:413:13:MX_GPIO_Init	48	static
../Core/Src/main.c:477:5:Func_ESTADO_ERROR	4	static
../Core/Src/main.c:484:5:Func_ESTADO_ABIERTO	8	static
../Core/Src/main.c:499:5:Func_ESTADO_CERRADO	8	static
../Core/Src/main.c:515:5:Func_ESTADO_ABRIENDO	8	static
../Core/Src/main.c:530:5:Func_ESTADO_CERRANDO	8	static
../Core/Src/main.c:545:5:Func_ESTADO_INTERMEDIO	4	static
../Core/Src/main.c:563:5:Func_ESTADO_INIT	4	static
../Core/Src/main.c:593:5:Func_ESTADO_SETTINGLED	16	static
../Core/Src/main.c:600:6:HAL_TIM_PeriodElapsedCallback	16	static
../Core/Src/main.c:687:6:Error_Handler	4	static,ignoring_inline_asm
