Archive member included to satisfy reference by file (symbol)

C:/ST/STM32CubeIDE_1.13.2/STM32CubeIDE/plugins/com.st.stm32cube.ide.mcu.externaltools.gnu-tools-for-stm32.12.3.rel1.win32_1.0.100.202403111256/tools/bin/../lib/gcc/arm-none-eabi/12.3.1/../../../../arm-none-eabi/lib/thumb/v8-m.main+fp/hard\libc_nano.a(libc_a-exit.o)
                              C:/ST/STM32CubeIDE_1.13.2/STM32CubeIDE/plugins/com.st.stm32cube.ide.mcu.externaltools.gnu-tools-for-stm32.12.3.rel1.win32_1.0.100.202403111256/tools/bin/../lib/gcc/arm-none-eabi/12.3.1/../../../../arm-none-eabi/lib/thumb/v8-m.main+fp/hard/crt0.o (exit)
C:/ST/STM32CubeIDE_1.13.2/STM32CubeIDE/plugins/com.st.stm32cube.ide.mcu.externaltools.gnu-tools-for-stm32.12.3.rel1.win32_1.0.100.202403111256/tools/bin/../lib/gcc/arm-none-eabi/12.3.1/../../../../arm-none-eabi/lib/thumb/v8-m.main+fp/hard\libc_nano.a(libc_a-findfp.o)
                              C:/ST/STM32CubeIDE_1.13.2/STM32CubeIDE/plugins/com.st.stm32cube.ide.mcu.externaltools.gnu-tools-for-stm32.12.3.rel1.win32_1.0.100.202403111256/tools/bin/../lib/gcc/arm-none-eabi/12.3.1/../../../../arm-none-eabi/lib/thumb/v8-m.main+fp/hard\libc_nano.a(libc_a-exit.o) (__stdio_exit_handler)
C:/ST/STM32CubeIDE_1.13.2/STM32CubeIDE/plugins/com.st.stm32cube.ide.mcu.externaltools.gnu-tools-for-stm32.12.3.rel1.win32_1.0.100.202403111256/tools/bin/../lib/gcc/arm-none-eabi/12.3.1/../../../../arm-none-eabi/lib/thumb/v8-m.main+fp/hard\libc_nano.a(libc_a-fwalk.o)
                              C:/ST/STM32CubeIDE_1.13.2/STM32CubeIDE/plugins/com.st.stm32cube.ide.mcu.externaltools.gnu-tools-for-stm32.12.3.rel1.win32_1.0.100.202403111256/tools/bin/../lib/gcc/arm-none-eabi/12.3.1/../../../../arm-none-eabi/lib/thumb/v8-m.main+fp/hard\libc_nano.a(libc_a-findfp.o) (_fwalk_sglue)
C:/ST/STM32CubeIDE_1.13.2/STM32CubeIDE/plugins/com.st.stm32cube.ide.mcu.externaltools.gnu-tools-for-stm32.12.3.rel1.win32_1.0.100.202403111256/tools/bin/../lib/gcc/arm-none-eabi/12.3.1/../../../../arm-none-eabi/lib/thumb/v8-m.main+fp/hard\libc_nano.a(libc_a-stdio.o)
                              C:/ST/STM32CubeIDE_1.13.2/STM32CubeIDE/plugins/com.st.stm32cube.ide.mcu.externaltools.gnu-tools-for-stm32.12.3.rel1.win32_1.0.100.202403111256/tools/bin/../lib/gcc/arm-none-eabi/12.3.1/../../../../arm-none-eabi/lib/thumb/v8-m.main+fp/hard\libc_nano.a(libc_a-findfp.o) (__sread)
C:/ST/STM32CubeIDE_1.13.2/STM32CubeIDE/plugins/com.st.stm32cube.ide.mcu.externaltools.gnu-tools-for-stm32.12.3.rel1.win32_1.0.100.202403111256/tools/bin/../lib/gcc/arm-none-eabi/12.3.1/../../../../arm-none-eabi/lib/thumb/v8-m.main+fp/hard\libc_nano.a(libc_a-memset.o)
                              C:/ST/STM32CubeIDE_1.13.2/STM32CubeIDE/plugins/com.st.stm32cube.ide.mcu.externaltools.gnu-tools-for-stm32.12.3.rel1.win32_1.0.100.202403111256/tools/bin/../lib/gcc/arm-none-eabi/12.3.1/../../../../arm-none-eabi/lib/thumb/v8-m.main+fp/hard/crt0.o (memset)
C:/ST/STM32CubeIDE_1.13.2/STM32CubeIDE/plugins/com.st.stm32cube.ide.mcu.externaltools.gnu-tools-for-stm32.12.3.rel1.win32_1.0.100.202403111256/tools/bin/../lib/gcc/arm-none-eabi/12.3.1/../../../../arm-none-eabi/lib/thumb/v8-m.main+fp/hard\libc_nano.a(libc_a-closer.o)
                              C:/ST/STM32CubeIDE_1.13.2/STM32CubeIDE/plugins/com.st.stm32cube.ide.mcu.externaltools.gnu-tools-for-stm32.12.3.rel1.win32_1.0.100.202403111256/tools/bin/../lib/gcc/arm-none-eabi/12.3.1/../../../../arm-none-eabi/lib/thumb/v8-m.main+fp/hard\libc_nano.a(libc_a-stdio.o) (_close_r)
C:/ST/STM32CubeIDE_1.13.2/STM32CubeIDE/plugins/com.st.stm32cube.ide.mcu.externaltools.gnu-tools-for-stm32.12.3.rel1.win32_1.0.100.202403111256/tools/bin/../lib/gcc/arm-none-eabi/12.3.1/../../../../arm-none-eabi/lib/thumb/v8-m.main+fp/hard\libc_nano.a(libc_a-reent.o)
                              C:/ST/STM32CubeIDE_1.13.2/STM32CubeIDE/plugins/com.st.stm32cube.ide.mcu.externaltools.gnu-tools-for-stm32.12.3.rel1.win32_1.0.100.202403111256/tools/bin/../lib/gcc/arm-none-eabi/12.3.1/../../../../arm-none-eabi/lib/thumb/v8-m.main+fp/hard\libc_nano.a(libc_a-closer.o) (errno)
C:/ST/STM32CubeIDE_1.13.2/STM32CubeIDE/plugins/com.st.stm32cube.ide.mcu.externaltools.gnu-tools-for-stm32.12.3.rel1.win32_1.0.100.202403111256/tools/bin/../lib/gcc/arm-none-eabi/12.3.1/../../../../arm-none-eabi/lib/thumb/v8-m.main+fp/hard\libc_nano.a(libc_a-impure.o)
                              C:/ST/STM32CubeIDE_1.13.2/STM32CubeIDE/plugins/com.st.stm32cube.ide.mcu.externaltools.gnu-tools-for-stm32.12.3.rel1.win32_1.0.100.202403111256/tools/bin/../lib/gcc/arm-none-eabi/12.3.1/../../../../arm-none-eabi/lib/thumb/v8-m.main+fp/hard\libc_nano.a(libc_a-reent.o) (_impure_ptr)
C:/ST/STM32CubeIDE_1.13.2/STM32CubeIDE/plugins/com.st.stm32cube.ide.mcu.externaltools.gnu-tools-for-stm32.12.3.rel1.win32_1.0.100.202403111256/tools/bin/../lib/gcc/arm-none-eabi/12.3.1/../../../../arm-none-eabi/lib/thumb/v8-m.main+fp/hard\libc_nano.a(libc_a-lseekr.o)
[...]
Memory Configuration

Name             Origin             Length             Attributes
RAM              0x20000000         0x00008000         xrw
FLASH            0x08000000         0x00020000         xr
*default*        0x00000000         0xffffffff

Linker script and memory map

LOAD C:/ST/STM32CubeIDE_1.13.2/STM32CubeIDE/plugins/com.st.stm32cube.ide.mcu.externaltools.gnu-tools-for-stm32.12.3.rel1.win32_1.0.100.202403111256/tools/bin/../lib/gcc/arm-none-eabi/12.3.1/thumb/v8-m.main+fp/hard/crti.o
LOAD C:/ST/STM32CubeIDE_1.13.2/STM32CubeIDE/plugins/com.st.stm32cube.ide.mcu.externaltools.gnu-tools-for-stm32.12.3.rel1.win32_1.0.100.202403111256/tools/bin/../lib/gcc/arm-none-eabi/12.3.1/thumb/v8-m.main+fp/hard/crtbegin.o
LOAD C:/ST/STM32CubeIDE_1.13.2/STM32CubeIDE/plugins/com.st.stm32cube.ide.mcu.externaltools.gnu-tools-for-stm32.12.3.rel1.win32_1.0.100.202403111256/tools/bin/../lib/gcc/arm-none-eabi/12.3.1/../../../../arm-none-eabi/lib/thumb/v8-m.main+fp/hard/crt0.o
LOAD ./Core/Src/main.o
LOAD ./Core/Src/stm32h5xx_hal_msp.o
LOAD ./Core/Src/stm32h5xx_it.o
LOAD ./Core/Src/syscalls.o
LOAD ./Core/Src/sysmem.o
LOAD ./Core/Src/system_stm32h5xx.o
LOAD ./Core/Startup/startup_stm32h503rbtx.o
LOAD ./Drivers/STM32H5xx_HAL_Driver/Src/stm32h5xx_hal.o
LOAD ./Drivers/STM32H5xx_HAL_Driver/Src/stm32h5xx_hal_cortex.o
LOAD ./Drivers/STM32H5xx_HAL_Driver/Src/stm32h5xx_hal_dma.o
LOAD ./Drivers/STM32H5xx_HAL_Driver/Src/stm32h5xx_hal_dma_ex.o
LOAD ./Drivers/STM32H5xx_HAL_Driver/Src/stm32h5xx_hal_exti.o
LOAD ./Drivers/STM32H5xx_HAL_Driver/Src/stm32h5xx_hal_flash.o
LOAD ./Drivers/STM32H5xx_HAL_Driver/Src/stm32h5xx_hal_flash_ex.o
LOAD ./Drivers/STM32H5xx_HAL_Driver/Src/stm32h5xx_hal_gpio.o
LOAD ./Drivers/STM32H5xx_HAL_Driver/Src/stm32h5xx_hal_icache.o
LOAD ./Drivers/STM32H5xx_HAL_Driver/Src/stm32h5xx_hal_pcd.o
LOAD ./Drivers/STM32H5xx_HAL_Driver/Src/stm32h5xx_hal_pcd_ex.o
LOAD ./Drivers/STM32H5xx_HAL_Driver/Src/stm32h5xx_hal_pwr.o
LOAD ./Drivers/STM32H5xx_HAL_Driver/Src/stm32h5xx_hal_pwr_ex.o
LOAD ./Drivers/STM32H5xx_HAL_Driver/Src/stm32h5xx_hal_rcc.o
LOAD ./Drivers/STM32H5xx_HAL_Driver/Src/stm32h5xx_hal_rcc_ex.o
LOAD ./Drivers/STM32H5xx_HAL_Driver/Src/stm32h5xx_hal_tim.o
LOAD ./Drivers/STM32H5xx_HAL_Driver/Src/stm32h5xx_hal_tim_ex.o
LOAD ./Drivers/STM32H5xx_HAL_Driver/Src/stm32h5xx_hal_uart.o
LOAD ./Drivers/STM32H5xx_HAL_Driver/Src/stm32h5xx_hal_uart_ex.o
LOAD ./Drivers/STM32H5xx_HAL_Driver/Src/stm32h5xx_ll_usb.o
START GROUP
LOAD C:/ST/STM32CubeIDE_1.13.2/STM32CubeIDE/plugins/com.st.stm32cube.ide.mcu.externaltools.gnu-tools-for-stm32.12.3.rel1.win32_1.0.100.202403111256/tools/bin/../lib/gcc/arm-none-eabi/12.3.1/../../../../arm-none-eabi/lib/thumb/v8-m.main+fp/hard\libc_nano.a
LOAD C:/ST/STM32CubeIDE_1.13.2/STM32CubeIDE/plugins/com.st.stm32cube.ide.mcu.externaltools.gnu-tools-for-stm32.12.3.rel1.win32_1.0.100.202403111256/tools/bin/../lib/gcc/arm-none-eabi/12.3.1/../../../../arm-none-eabi/lib/thumb/v8-m.main+fp/hard\libm.a
END GROUP
START GROUP
LOAD C:/ST/STM32CubeIDE_1.13.2/STM32CubeIDE/plugins/com.st.stm32cube.ide.mcu.externaltools.gnu-tools-for-stm32.12.3.rel1.win32_1.0.100.202403111256/tools/bin/../lib/gcc/arm-none-eabi/12.3.1/thumb/v8-m.main+fp/hard\libgcc.a
LOAD C:/ST/STM32CubeIDE_1.13.2/STM32CubeIDE/plugins/com.st.stm32cube.ide.mcu.externaltools.gnu-tools-for-stm32.12.3.rel1.win32_1.0.100.202403111256/tools/bin/../lib/gcc/arm-none-eabi/12.3.1/../../../../arm-none-eabi/lib/thumb/v8-m.main+fp/hard\libc_nano.a
END GROUP
START GROUP
LOAD C:/ST/STM32CubeIDE_1.13.2/STM32CubeIDE/plugins/com.st.stm32cube.ide.mcu.externaltools.gnu-tools-for-stm32.12.3.rel1.win32_1.0.100.202403111256/tools/bin/../lib/gcc/arm-none-eabi/12.3.1/thumb/v8-m.main+fp/hard\libgcc.a
LOAD C:/ST/STM32CubeIDE_1.13.2/STM32CubeIDE/plugins/com.st.stm32cube.ide.mcu.externaltools.gnu-tools-for-stm32.12.3.rel1.win32_1.0.100.202403111256/tools/bin/../lib/gcc/arm-none-eabi/12.3.1/../../../../arm-none-eabi/lib/thumb/v8-m.main+fp/hard\libc_nano.a
LOAD C:/ST/STM32CubeIDE_1.13.2/STM32CubeIDE/plugins/com.st.stm32cube.ide.mcu.externaltools.gnu-tools-for-stm32.12.3.rel1.win32_1.0.100.202403111256/tools/bin/../lib/gcc/arm-none-eabi/12.3.1/../../../../arm-none-eabi/lib/thumb/v8-m.main+fp/hard\libnosys.a
END GROUP
START GROUP
LOAD C:/ST/STM32CubeIDE_1.13.2/STM32CubeIDE/plugins/com.st.stm32cube.ide.mcu.externaltools.gnu-tools-for-stm32.12.3.rel1.win32_1.0.100.202403111256/tools/bin/../lib/gcc/arm-none-eabi/12.3.1/thumb/v8-m.main+fp/hard\libgcc.a
LOAD C:/ST/STM32CubeIDE_1.13.2/STM32CubeIDE/plugins/com.st.stm32cube.ide.mcu.externaltools.gnu-tools-for-stm32.12.3.rel1.win32_1.0.100.202403111256/tools/bin/../lib/gcc/arm-none-eabi/12.3.1/../../../../arm-none-eabi/lib/thumb/v8-m.main+fp/hard\libc_nano.a
LOAD C:/ST/STM32CubeIDE_1.13.2/STM32CubeIDE/plugins/com.st.stm32cube.ide.mcu.externaltools.gnu-tools-for-stm32.12.3.rel1.win32_1.0.100.202403111256/tools/bin/../lib/gcc/arm-none-eabi/12.3.1/../../../../arm-none-eabi/lib/thumb/v8-m.main+fp/hard\libnosys.a
END GROUP
LOAD C:/ST/STM32CubeIDE_1.13.2/STM32CubeIDE/plugins/com.st.stm32cube.ide.mcu.externaltools.gnu-tools-for-stm32.12.3.rel1.win32_1.0.100.202403111256/tools/bin/../lib/gcc/arm-none-eabi/12.3.1/thumb/v8-m.main+fp/hard/crtend.o
LOAD C:/ST/STM32CubeIDE_1.13.2/STM32CubeIDE/plugins/com.st.stm32cube.ide.mcu.externaltools.gnu-tools-for-stm32.12.3.rel1.win32_1.0.100.202403111256/tools/bin/../lib/gcc/arm-none-eabi/12.3.1/thumb/v8-m.main+fp/hard/crtn.o
                0x20008000                        _estack = (ORIGIN (RAM) + LENGTH (RAM))
                0x00000200                        _Min_Heap_Size = 0x200
                0x00000400                        _Min_Stack_Size = 0x400

.isr_vector     0x08000000      0x258
                0x08000000                        . = ALIGN (0x4)
 *(.isr_vector)
 .isr_vector    0x08000000      0x258 ./Core/Startup/startup_stm32h503rbtx.o
                0x08000000                g_pfnVectors
                0x08000258                        . = ALIGN (0x4)

.text           0x08000258     0x57bc
                0x08000258                        . = ALIGN (0x4)
 *(.text)
 .text          0x08000258       0x40 C:/ST/STM32CubeIDE_1.13.2/STM32CubeIDE/plugins/com.st.stm32cube.ide.mcu.externaltools.gnu-tools-for-stm32.12.3.rel1.win32_1.0.100.202403111256/tools/bin/../lib/gcc/arm-none-eabi/12.3.1/thumb/v8-m.main+fp/hard/crtbegin.o
 .text          0x08000298       0x30 C:/ST/STM32CubeIDE_1.13.2/STM32CubeIDE/plugins/com.st.stm32cube.ide.mcu.externaltools.gnu-tools-for-stm32.12.3.rel1.win32_1.0.100.202403111256/tools/bin/../lib/gcc/arm-none-eabi/12.3.1/thumb/v8-m.main+fp/hard\libgcc.a(_aeabi_uldivmod.o)
                0x08000298                __aeabi_uldivmod
 .text          0x080002c8      0x2e4 C:/ST/STM32CubeIDE_1.13.2/STM32CubeIDE/plugins/com.st.stm32cube.ide.mcu.externaltools.gnu-tools-for-stm32.12.3.rel1.win32_1.0.100.202403111256/tools/bin/../lib/gcc/arm-none-eabi/12.3.1/thumb/v8-m.main+fp/hard\libgcc.a(_udivmoddi4.o)
                0x080002c8                __udivmoddi4
 .text          0x080005ac        0x4 C:/ST/STM32CubeIDE_1.13.2/STM32CubeIDE/plugins/com.st.stm32cube.ide.mcu.externaltools.gnu-tools-for-stm32.12.3.rel1.win32_1.0.100.202403111256/tools/bin/../lib/gcc/arm-none-eabi/12.3.1/thumb/v8-m.main+fp/hard\libgcc.a(_dvmd_tls.o)
                0x080005ac                __aeabi_idiv0
                0x080005ac                __aeabi_ldiv0
 *(.text*)
 .text.main     0x080005b0       0xb0 ./Core/Src/main.o
                0x080005b0                main
 .text.SystemClock_Config
                0x08000660       0xd4 ./Core/Src/main.o
                0x08000660                SystemClock_Config
 .text.MX_ICACHE_Init
                0x08000734       0x16 ./Core/Src/main.o
 *fill*         0x0800074a        0x2 
 .text.MX_TIM2_Init
                0x0800074c       0x9c ./Core/Src/main.o
 .text.MX_USART1_UART_Init
                0x080007e8       0x98 ./Core/Src/main.o
 .text.MX_USB_PCD_Init
                0x08000880       0x64 ./Core/Src/main.o
 .text.MX_GPIO_Init
                0x080008e4      0x184 ./Core/Src/main.o
 .text.Func_ESTADO_ERROR
                0x08000a68       0x14 ./Core/Src/main.o
                0x08000a68                Func_ESTADO_ERROR
 .text.Func_ESTADO_ABIERTO
                0x08000a7c       0x50 ./Core/Src/main.o
                0x08000a7c                Func_ESTADO_ABIERTO
 .text.Func_ESTADO_CERRADO
                0x08000acc       0x50 ./Core/Src/main.o
                0x08000acc                Func_ESTADO_CERRADO
 .text.Func_ESTADO_ABRIENDO
                0x08000b1c       0x50 ./Core/Src/main.o
                0x08000b1c                Func_ESTADO_ABRIENDO
 .text.Func_ESTADO_CERRANDO
                0x08000b6c       0x50 ./Core/Src/main.o
                0x08000b6c                Func_ESTADO_CERRANDO
 .text.Func_ESTADO_INTERMEDIO
                0x08000bbc       0x60 ./Core/Src/main.o
                0x08000bbc                Func_ESTADO_INTERMEDIO
 .text.Func_ESTADO_INIT
                0x08000c1c       0xa0 ./Core/Src/main.o
                0x08000c1c                Func_ESTADO_INIT
 .text.Func_ESTADO_SETTINGLED
                0x08000cbc       0x34 ./Core/Src/main.o
                0x08000cbc                Func_ESTADO_SETTINGLED
 .text.Error_Handler
                0x08000cf0        0xc ./Core/Src/main.o
                0x08000cf0                Error_Handler
 .text.HAL_MspInit
                0x08000cfc        0xe ./Core/Src/stm32h5xx_hal_msp.o
                0x08000cfc                HAL_MspInit
 *fill*         0x08000d0a        0x2 
 .text.HAL_TIM_Base_MspInit
                0x08000d0c       0x40 ./Core/Src/stm32h5xx_hal_msp.o
                0x08000d0c                HAL_TIM_Base_MspInit
 .text.HAL_UART_MspInit
                0x08000d4c       0xd0 ./Core/Src/stm32h5xx_hal_msp.o
                0x08000d4c                HAL_UART_MspInit
 .text.HAL_PCD_MspInit
                0x08000e1c       0xd4 ./Core/Src/stm32h5xx_hal_msp.o
                0x08000e1c                HAL_PCD_MspInit
 .text.NMI_Handler
                0x08000ef0        0x8 ./Core/Src/stm32h5xx_it.o
                0x08000ef0                NMI_Handler
 .text.HardFault_Handler
                0x08000ef8        0x8 ./Core/Src/stm32h5xx_it.o
                0x08000ef8                HardFault_Handler
 .text.MemManage_Handler
                0x08000f00        0x8 ./Core/Src/stm32h5xx_it.o
                0x08000f00                MemManage_Handler
 .text.BusFault_Handler
                0x08000f08        0x8 ./Core/Src/stm32h5xx_it.o
                0x08000f08                BusFault_Handler
 .text.UsageFault_Handler
                0x08000f10        0x8 ./Core/Src/stm32h5xx_it.o
                0x08000f10                UsageFault_Handler
 .text.SVC_Handler
                0x08000f18        0xe ./Core/Src/stm32h5xx_it.o
                0x08000f18                SVC_Handler
 .text.DebugMon_Handler
                0x08000f26        0xe ./Core/Src/stm32h5xx_it.o
                0x08000f26                DebugMon_Handler
 .text.PendSV_Handler
                0x08000f34        0xe ./Core/Src/stm32h5xx_it.o
                0x08000f34                PendSV_Handler
 .text.SysTick_Handler
                0x08000f42        0xc ./Core/Src/stm32h5xx_it.o
                0x08000f42                SysTick_Handler
 *fill*         0x08000f4e        0x2 
 .text.SystemInit
                0x08000f50       0xe4 ./Core/Src/system_stm32h5xx.o
                0x08000f50                SystemInit
 .text.Reset_Handler
                0x08001034       0x50 ./Core/Startup/startup_stm32h503rbtx.o
                0x08001034                Reset_Handler
 .text.Default_Handler
                0x08001084        0x2 ./Core/Startup/startup_stm32h503rbtx.o
                0x08001084                EXTI2_IRQHandler
                0x08001084                EXTI5_IRQHandler
                0x08001084                I3C1_ER_IRQHandler
                0x08001084                GPDMA2_Channel1_IRQHandler
                0x08001084                EXTI13_IRQHandler
                0x08001084                TIM1_CC_IRQHandler
                0x08001084                GPDMA2_Channel3_IRQHandler
                0x08001084                TAMP_IRQHandler
                0x08001084                TIM6_IRQHandler
                0x08001084                EXTI12_IRQHandler
                0x08001084                USB_DRD_FS_IRQHandler
                0x08001084                EXTI3_IRQHandler
                0x08001084                GPDMA1_Channel5_IRQHandler
                0x08001084                EXTI8_IRQHandler
                0x08001084                GPDMA2_Channel5_IRQHandler
                0x08001084                LPTIM2_IRQHandler
                0x08001084                GPDMA2_Channel2_IRQHandler
                0x08001084                EXTI0_IRQHandler
                0x08001084                I2C2_EV_IRQHandler
                0x08001084                FPU_IRQHandler
                0x08001084                GPDMA1_Channel3_IRQHandler
                0x08001084                GPDMA1_Channel7_IRQHandler
                0x08001084                FDCAN1_IT1_IRQHandler
                0x08001084                RAMCFG_IRQHandler
                0x08001084                SPI1_IRQHandler
                0x08001084                GPDMA1_Channel2_IRQHandler
                0x08001084                ADC1_IRQHandler
                0x08001084                I3C2_ER_IRQHandler
                0x08001084                EXTI15_IRQHandler
                0x08001084                USART3_IRQHandler
                0x08001084                RTC_IRQHandler
                0x08001084                EXTI9_IRQHandler
                0x08001084                I3C2_EV_IRQHandler
                0x08001084                I2C1_EV_IRQHandler
                0x08001084                GPDMA1_Channel1_IRQHandler
                0x08001084                TIM3_IRQHandler
                0x08001084                RCC_IRQHandler
                0x08001084                TIM1_TRG_COM_IRQHandler
                0x08001084                Default_Handler
                0x08001084                GPDMA2_Channel4_IRQHandler
                0x08001084                TIM7_IRQHandler
                0x08001084                GPDMA1_Channel0_IRQHandler
                0x08001084                I3C1_EV_IRQHandler
                0x08001084                PVD_AVD_IRQHandler
                0x08001084                SPI2_IRQHandler
                0x08001084                EXTI14_IRQHandler
                0x08001084                EXTI11_IRQHandler
                0x08001084                CRS_IRQHandler
                0x08001084                EXTI4_IRQHandler
                0x08001084                GPDMA2_Channel0_IRQHandler
                0x08001084                RNG_IRQHandler
                0x08001084                GPDMA2_Channel6_IRQHandler
                0x08001084                TIM1_UP_IRQHandler
                0x08001084                WWDG_IRQHandler
                0x08001084                IWDG_IRQHandler
                0x08001084                LPUART1_IRQHandler
                0x08001084                FDCAN1_IT0_IRQHandler
                0x08001084                TIM2_IRQHandler
                0x08001084                GPDMA1_Channel4_IRQHandler
                0x08001084                EXTI7_IRQHandler
                0x08001084                TIM1_BRK_IRQHandler
                0x08001084                EXTI1_IRQHandler
                0x08001084                DAC1_IRQHandler
                0x08001084                DTS_IRQHandler
                0x08001084                GTZC_IRQHandler
                0x08001084                USART2_IRQHandler
                0x08001084                GPDMA1_Channel6_IRQHandler
                0x08001084                GPDMA2_Channel7_IRQHandler
                0x08001084                I2C2_ER_IRQHandler
                0x08001084                FLASH_IRQHandler
                0x08001084                USART1_IRQHandler
                0x08001084                EXTI10_IRQHandler
                0x08001084                SPI3_IRQHandler
                0x08001084                I2C1_ER_IRQHandler
                0x08001084                EXTI6_IRQHandler
                0x08001084                COMP1_IRQHandler
                0x08001084                LPTIM1_IRQHandler
                0x08001084                ICACHE_IRQHandler
                0x08001084                HASH_IRQHandler
 *fill*         0x08001086        0x2 
 .text.HAL_Init
                0x08001088       0x4c ./Drivers/STM32H5xx_HAL_Driver/Src/stm32h5xx_hal.o
                0x08001088                HAL_Init
 .text.HAL_InitTick
                0x080010d4       0x6c ./Drivers/STM32H5xx_HAL_Driver/Src/stm32h5xx_hal.o
                0x080010d4                HAL_InitTick
 .text.HAL_IncTick
                0x08001140       0x28 ./Drivers/STM32H5xx_HAL_Driver/Src/stm32h5xx_hal.o
                0x08001140                HAL_IncTick
 .text.HAL_GetTick
                0x08001168       0x18 ./Drivers/STM32H5xx_HAL_Driver/Src/stm32h5xx_hal.o
                0x08001168                HAL_GetTick
 .text.__NVIC_SetPriorityGrouping
                0x08001180       0x48 ./Drivers/STM32H5xx_HAL_Driver/Src/stm32h5xx_hal_cortex.o
 .text.__NVIC_GetPriorityGrouping
                0x080011c8       0x1c ./Drivers/STM32H5xx_HAL_Driver/Src/stm32h5xx_hal_cortex.o
 .text.__NVIC_SetPriority
                0x080011e4       0x54 ./Drivers/STM32H5xx_HAL_Driver/Src/stm32h5xx_hal_cortex.o
 .text.NVIC_EncodePriority
                0x08001238       0x66 ./Drivers/STM32H5xx_HAL_Driver/Src/stm32h5xx_hal_cortex.o
 *fill*         0x0800129e        0x2 
 .text.SysTick_Config
                0x080012a0       0x44 ./Drivers/STM32H5xx_HAL_Driver/Src/stm32h5xx_hal_cortex.o
 .text.HAL_NVIC_SetPriorityGrouping
                0x080012e4       0x16 ./Drivers/STM32H5xx_HAL_Driver/Src/stm32h5xx_hal_cortex.o
                0x080012e4                HAL_NVIC_SetPriorityGrouping
 .text.HAL_NVIC_SetPriority
                0x080012fa       0x34 ./Drivers/STM32H5xx_HAL_Driver/Src/stm32h5xx_hal_cortex.o
                0x080012fa                HAL_NVIC_SetPriority
 .text.HAL_SYSTICK_Config
                0x0800132e       0x18 ./Drivers/STM32H5xx_HAL_Driver/Src/stm32h5xx_hal_cortex.o
                0x0800132e                HAL_SYSTICK_Config
 *fill*         0x08001346        0x2 
 .text.HAL_GPIO_Init
                0x08001348      0x2a4 ./Drivers/STM32H5xx_HAL_Driver/Src/stm32h5xx_hal_gpio.o
                0x08001348                HAL_GPIO_Init
 .text.HAL_GPIO_WritePin
                0x080015ec       0x30 ./Drivers/STM32H5xx_HAL_Driver/Src/stm32h5xx_hal_gpio.o
                0x080015ec                HAL_GPIO_WritePin
 .text.HAL_ICACHE_Enable
                0x0800161c       0x20 ./Drivers/STM32H5xx_HAL_Driver/Src/stm32h5xx_hal_icache.o
                0x0800161c                HAL_ICACHE_Enable
 .text.HAL_PCD_Init
                0x0800163c      0x1b6 ./Drivers/STM32H5xx_HAL_Driver/Src/stm32h5xx_hal_pcd.o
                0x0800163c                HAL_PCD_Init
 .text.HAL_PCDEx_ActivateLPM
                0x080017f2       0x44 ./Drivers/STM32H5xx_HAL_Driver/Src/stm32h5xx_hal_pcd_ex.o
                0x080017f2                HAL_PCDEx_ActivateLPM
 *fill*         0x08001836        0x2 
 .text.HAL_RCC_OscConfig
                0x08001838      0x870 ./Drivers/STM32H5xx_HAL_Driver/Src/stm32h5xx_hal_rcc.o
                0x08001838                HAL_RCC_OscConfig
 .text.HAL_RCC_ClockConfig
                0x080020a8      0x370 ./Drivers/STM32H5xx_HAL_Driver/Src/stm32h5xx_hal_rcc.o
                0x080020a8                HAL_RCC_ClockConfig
 .text.HAL_RCC_GetSysClockFreq
                0x08002418      0x258 ./Drivers/STM32H5xx_HAL_Driver/Src/stm32h5xx_hal_rcc.o
                0x08002418                HAL_RCC_GetSysClockFreq
 .text.HAL_RCC_GetHCLKFreq
                0x08002670       0x38 ./Drivers/STM32H5xx_HAL_Driver/Src/stm32h5xx_hal_rcc.o
                0x08002670                HAL_RCC_GetHCLKFreq
 .text.HAL_RCC_GetPCLK1Freq
                0x080026a8       0x2c ./Drivers/STM32H5xx_HAL_Driver/Src/stm32h5xx_hal_rcc.o
                0x080026a8                HAL_RCC_GetPCLK1Freq
 .text.HAL_RCC_GetPCLK2Freq
                0x080026d4       0x2c ./Drivers/STM32H5xx_HAL_Driver/Src/stm32h5xx_hal_rcc.o
                0x080026d4                HAL_RCC_GetPCLK2Freq
 .text.HAL_RCC_GetPCLK3Freq
                0x08002700       0x2c ./Drivers/STM32H5xx_HAL_Driver/Src/stm32h5xx_hal_rcc.o
                0x08002700                HAL_RCC_GetPCLK3Freq
 .text.HAL_RCCEx_PeriphCLKConfig
                0x0800272c      0xc48 ./Drivers/STM32H5xx_HAL_Driver/Src/stm32h5xx_hal_rcc_ex.o
                0x0800272c                HAL_RCCEx_PeriphCLKConfig
 .text.HAL_RCCEx_GetPLL1ClockFreq
                0x08003374      0x2d4 ./Drivers/STM32H5xx_HAL_Driver/Src/stm32h5xx_hal_rcc_ex.o
                0x08003374                HAL_RCCEx_GetPLL1ClockFreq
 .text.HAL_RCCEx_GetPLL2ClockFreq
                0x08003648      0x2d4 ./Drivers/STM32H5xx_HAL_Driver/Src/stm32h5xx_hal_rcc_ex.o
                0x08003648                HAL_RCCEx_GetPLL2ClockFreq
 .text.HAL_RCCEx_GetPeriphCLKFreq
                0x0800391c      0xe7c ./Drivers/STM32H5xx_HAL_Driver/Src/stm32h5xx_hal_rcc_ex.o
                0x0800391c                HAL_RCCEx_GetPeriphCLKFreq
 .text.RCCEx_PLL2_Config
                0x08004798      0x130 ./Drivers/STM32H5xx_HAL_Driver/Src/stm32h5xx_hal_rcc_ex.o
 .text.HAL_TIM_Base_Init
                0x080048c8       0xae ./Drivers/STM32H5xx_HAL_Driver/Src/stm32h5xx_hal_tim.o
                0x080048c8                HAL_TIM_Base_Init
 *fill*         0x08004976        0x2 
 .text.HAL_TIM_Base_Start_IT
                0x08004978       0xa8 ./Drivers/STM32H5xx_HAL_Driver/Src/stm32h5xx_hal_tim.o
                0x08004978                HAL_TIM_Base_Start_IT
 .text.HAL_TIM_ConfigClockSource
                0x08004a20      0x23c ./Drivers/STM32H5xx_HAL_Driver/Src/stm32h5xx_hal_tim.o
                0x08004a20                HAL_TIM_ConfigClockSource
 .text.TIM_Base_SetConfig
                0x08004c5c       0xb4 ./Drivers/STM32H5xx_HAL_Driver/Src/stm32h5xx_hal_tim.o
                0x08004c5c                TIM_Base_SetConfig
 .text.TIM_TI1_ConfigInputStage
                0x08004d10       0x5e ./Drivers/STM32H5xx_HAL_Driver/Src/stm32h5xx_hal_tim.o
 .text.TIM_TI2_ConfigInputStage
                0x08004d6e       0x60 ./Drivers/STM32H5xx_HAL_Driver/Src/stm32h5xx_hal_tim.o
 .text.TIM_ITRx_SetConfig
                0x08004dce       0x3a ./Drivers/STM32H5xx_HAL_Driver/Src/stm32h5xx_hal_tim.o
 .text.TIM_ETR_SetConfig
                0x08004e08       0x40 ./Drivers/STM32H5xx_HAL_Driver/Src/stm32h5xx_hal_tim.o
                0x08004e08                TIM_ETR_SetConfig
 .text.HAL_TIMEx_MasterConfigSynchronization
                0x08004e48       0xd0 ./Drivers/STM32H5xx_HAL_Driver/Src/stm32h5xx_hal_tim_ex.o
                0x08004e48                HAL_TIMEx_MasterConfigSynchronization
 .text.HAL_UART_Init
                0x08004f18       0xa0 ./Drivers/STM32H5xx_HAL_Driver/Src/stm32h5xx_hal_uart.o
                0x08004f18                HAL_UART_Init
 .text.UART_SetConfig
                0x08004fb8      0x2fc ./Drivers/STM32H5xx_HAL_Driver/Src/stm32h5xx_hal_uart.o
                0x08004fb8                UART_SetConfig
 .text.UART_AdvFeatureConfig
                0x080052b4      0x144 ./Drivers/STM32H5xx_HAL_Driver/Src/stm32h5xx_hal_uart.o
                0x080052b4                UART_AdvFeatureConfig
 .text.UART_CheckIdleState
                0x080053f8      0x154 ./Drivers/STM32H5xx_HAL_Driver/Src/stm32h5xx_hal_uart.o
                0x080053f8                UART_CheckIdleState
 .text.UART_WaitOnFlagUntilTimeout
                0x0800554c       0xce ./Drivers/STM32H5xx_HAL_Driver/Src/stm32h5xx_hal_uart.o
                0x0800554c                UART_WaitOnFlagUntilTimeout
 .text.UART_EndRxTransfer
                0x0800561a       0xcc ./Drivers/STM32H5xx_HAL_Driver/Src/stm32h5xx_hal_uart.o
 .text.HAL_UARTEx_DisableFifoMode
                0x080056e6       0x72 ./Drivers/STM32H5xx_HAL_Driver/Src/stm32h5xx_hal_uart_ex.o
                0x080056e6                HAL_UARTEx_DisableFifoMode
 .text.HAL_UARTEx_SetTxFifoThreshold
                0x08005758       0x7c ./Drivers/STM32H5xx_HAL_Driver/Src/stm32h5xx_hal_uart_ex.o
                0x08005758                HAL_UARTEx_SetTxFifoThreshold
 .text.HAL_UARTEx_SetRxFifoThreshold
                0x080057d4       0x7c ./Drivers/STM32H5xx_HAL_Driver/Src/stm32h5xx_hal_uart_ex.o
                0x080057d4                HAL_UARTEx_SetRxFifoThreshold
 .text.UARTEx_SetNbDataToProcess
                0x08005850       0x9c ./Drivers/STM32H5xx_HAL_Driver/Src/stm32h5xx_hal_uart_ex.o
 .text.USB_DisableGlobalInt
                0x080058ec       0x2a ./Drivers/STM32H5xx_HAL_Driver/Src/stm32h5xx_ll_usb.o
                0x080058ec                USB_DisableGlobalInt
 .text.USB_SetCurrentMode
                0x08005916       0x46 ./Drivers/STM32H5xx_HAL_Driver/Src/stm32h5xx_ll_usb.o
                0x08005916                USB_SetCurrentMode
 .text.USB_DevInit
                0x0800595c       0x46 ./Drivers/STM32H5xx_HAL_Driver/Src/stm32h5xx_ll_usb.o
                0x0800595c                USB_DevInit
 .text.memset   0x080059a2       0x10 C:/ST/STM32CubeIDE_1.13.2/STM32CubeIDE/plugins/com.st.stm32cube.ide.mcu.externaltools.gnu-tools-for-stm32.12.3.rel1.win32_1.0.100.202403111256/tools/bin/../lib/gcc/arm-none-eabi/12.3.1/../../../../arm-none-eabi/lib/thumb/v8-m.main+fp/hard\libc_nano.a(libc_a-memset.o)
                0x080059a2                memset
 *fill*         0x080059b2        0x2 
 .text.__libc_init_array
                0x080059b4       0x48 C:/ST/STM32CubeIDE_1.13.2/STM32CubeIDE/plugins/com.st.stm32cube.ide.mcu.externaltools.gnu-tools-for-stm32.12.3.rel1.win32_1.0.100.202403111256/tools/bin/../lib/gcc/arm-none-eabi/12.3.1/../../../../arm-none-eabi/lib/thumb/v8-m.main+fp/hard\libc_nano.a(libc_a-init.o)
                0x080059b4                __libc_init_array
 *(.glue_7)
 .glue_7        0x080059fc        0x0 linker stubs
 *(.glue_7t)
 .glue_7t       0x080059fc        0x0 linker stubs
 *(.eh_frame)
 .eh_frame      0x080059fc        0x0 C:/ST/STM32CubeIDE_1.13.2/STM32CubeIDE/plugins/com.st.stm32cube.ide.mcu.externaltools.gnu-tools-for-stm32.12.3.rel1.win32_1.0.100.202403111256/tools/bin/../lib/gcc/arm-none-eabi/12.3.1/thumb/v8-m.main+fp/hard/crtbegin.o
 *(.init)
 .init          0x080059fc        0x4 C:/ST/STM32CubeIDE_1.13.2/STM32CubeIDE/plugins/com.st.stm32cube.ide.mcu.externaltools.gnu-tools-for-stm32.12.3.rel1.win32_1.0.100.202403111256/tools/bin/../lib/gcc/arm-none-eabi/12.3.1/thumb/v8-m.main+fp/hard/crti.o
                0x080059fc                _init
 .init          0x08005a00        0x8 C:/ST/STM32CubeIDE_1.13.2/STM32CubeIDE/plugins/com.st.stm32cube.ide.mcu.externaltools.gnu-tools-for-stm32.12.3.rel1.win32_1.0.100.202403111256/tools/bin/../lib/gcc/arm-none-eabi/12.3.1/thumb/v8-m.main+fp/hard/crtn.o
 *(.fini)
 .fini          0x08005a08        0x4 C:/ST/STM32CubeIDE_1.13.2/STM32CubeIDE/plugins/com.st.stm32cube.ide.mcu.externaltools.gnu-tools-for-stm32.12.3.rel1.win32_1.0.100.202403111256/tools/bin/../lib/gcc/arm-none-eabi/12.3.1/thumb/v8-m.main+fp/hard/crti.o
                0x08005a08                _fini
 .fini          0x08005a0c        0x8 C:/ST/STM32CubeIDE_1.13.2/STM32CubeIDE/plugins/com.st.stm32cube.ide.mcu.externaltools.gnu-tools-for-stm32.12.3.rel1.win32_1.0.100.202403111256/tools/bin/../lib/gcc/arm-none-eabi/12.3.1/thumb/v8-m.main+fp/hard/crtn.o
                0x08005a14                        . = ALIGN (0x4)
                0x08005a14                        _etext = .

.vfp11_veneer   0x08005a14        0x0
 .vfp11_veneer  0x08005a14        0x0 linker stubs

.v4_bx          0x08005a14        0x0
 .v4_bx         0x08005a14        0x0 linker stubs

.iplt           0x08005a14        0x0
 .iplt          0x08005a14        0x0 C:/ST/STM32CubeIDE_1.13.2/STM32CubeIDE/plugins/com.st.stm32cube.ide.mcu.externaltools.gnu-tools-for-stm32.12.3.rel1.win32_1.0.100.202403111256/tools/bin/../lib/gcc/arm-none-eabi/12.3.1/thumb/v8-m.main+fp/hard/crtbegin.o

.rodata         0x08005a14       0x40
                0x08005a14                        . = ALIGN (0x4)
 *(.rodata)
 *(.rodata*)
 .rodata.AHBPrescTable
                0x08005a14       0x10 ./Core/Src/system_stm32h5xx.o
                0x08005a14                AHBPrescTable
 .rodata.APBPrescTable
                0x08005a24        0x8 ./Core/Src/system_stm32h5xx.o
                0x08005a24                APBPrescTable
 .rodata.UARTPrescTable
                0x08005a2c       0x18 ./Drivers/STM32H5xx_HAL_Driver/Src/stm32h5xx_hal_uart.o
                0x08005a2c                UARTPrescTable
 .rodata.numerator.1
                0x08005a44        0x8 ./Drivers/STM32H5xx_HAL_Driver/Src/stm32h5xx_hal_uart_ex.o
 .rodata.denominator.0
                0x08005a4c        0x8 ./Drivers/STM32H5xx_HAL_Driver/Src/stm32h5xx_hal_uart_ex.o
                0x08005a54                        . = ALIGN (0x4)

.ARM.extab      0x08005a54        0x0
                0x08005a54                        . = ALIGN (0x4)
 *(.ARM.extab* .gnu.linkonce.armextab.*)
                0x08005a54                        . = ALIGN (0x4)

.ARM            0x08005a54        0x8
                0x08005a54                        . = ALIGN (0x4)
                0x08005a54                        __exidx_start = .
 *(.ARM.exidx*)
 .ARM.exidx     0x08005a54        0x8 C:/ST/STM32CubeIDE_1.13.2/STM32CubeIDE/plugins/com.st.stm32cube.ide.mcu.externaltools.gnu-tools-for-stm32.12.3.rel1.win32_1.0.100.202403111256/tools/bin/../lib/gcc/arm-none-eabi/12.3.1/thumb/v8-m.main+fp/hard\libgcc.a(_udivmoddi4.o)
                0x08005a5c                        __exidx_end = .
                0x08005a5c                        . = ALIGN (0x4)

.rel.dyn        0x08005a5c        0x0
 .rel.iplt      0x08005a5c        0x0 C:/ST/STM32CubeIDE_1.13.2/STM32CubeIDE/plugins/com.st.stm32cube.ide.mcu.externaltools.gnu-tools-for-stm32.12.3.rel1.win32_1.0.100.202403111256/tools/bin/../lib/gcc/arm-none-eabi/12.3.1/thumb/v8-m.main+fp/hard/crtbegin.o

.preinit_array  0x08005a5c        0x0
                0x08005a5c                        . = ALIGN (0x4)
                0x08005a5c                        PROVIDE (__preinit_array_start = .)
 *(.preinit_array*)
                0x08005a5c                        PROVIDE (__preinit_array_end = .)
                0x08005a5c                        . = ALIGN (0x4)

.init_array     0x08005a5c        0x4
                0x08005a5c                        . = ALIGN (0x4)
                0x08005a5c                        PROVIDE (__init_array_start = .)
 *(SORT_BY_NAME(.init_array.*))
 *(.init_array*)
 .init_array    0x08005a5c        0x4 C:/ST/STM32CubeIDE_1.13.2/STM32CubeIDE/plugins/com.st.stm32cube.ide.mcu.externaltools.gnu-tools-for-stm32.12.3.rel1.win32_1.0.100.202403111256/tools/bin/../lib/gcc/arm-none-eabi/12.3.1/thumb/v8-m.main+fp/hard/crtbegin.o
                0x08005a60                        PROVIDE (__init_array_end = .)
                0x08005a60                        . = ALIGN (0x4)

.fini_array     0x08005a60        0x4
                0x08005a60                        . = ALIGN (0x4)
                [!provide]                        PROVIDE (__fini_array_start = .)
 *(SORT_BY_NAME(.fini_array.*))
 *(.fini_array*)
 .fini_array    0x08005a60        0x4 C:/ST/STM32CubeIDE_1.13.2/STM32CubeIDE/plugins/com.st.stm32cube.ide.mcu.externaltools.gnu-tools-for-stm32.12.3.rel1.win32_1.0.100.202403111256/tools/bin/../lib/gcc/arm-none-eabi/12.3.1/thumb/v8-m.main+fp/hard/crtbegin.o
                [!provide]                        PROVIDE (__fini_array_end = .)
                0x08005a64                        . = ALIGN (0x4)
                0x08005a64                        _sidata = LOADADDR (.data)

.data           0x20000000       0x18 load address 0x08005a64
                0x20000000                        . = ALIGN (0x4)
                0x20000000                        _sdata = .
 *(.data)
 *(.data*)
 .data.ESTADO_ANTERIOR
                0x20000000        0x4 ./Core/Src/main.o
                0x20000000                ESTADO_ANTERIOR
 .data.ESTADO_ACTUAL
                0x20000004        0x4 ./Core/Src/main.o
                0x20000004                ESTADO_ACTUAL
 .data.ESTADO_SIGUIENTE
                0x20000008        0x4 ./Core/Src/main.o
                0x20000008                ESTADO_SIGUIENTE
 .data.SystemCoreClock
                0x2000000c        0x4 ./Core/Src/system_stm32h5xx.o
                0x2000000c                SystemCoreClock
 .data.uwTickPrio
                0x20000010        0x4 ./Drivers/STM32H5xx_HAL_Driver/Src/stm32h5xx_hal.o
                0x20000010                uwTickPrio
 .data.uwTickFreq
                0x20000014        0x1 ./Drivers/STM32H5xx_HAL_Driver/Src/stm32h5xx_hal.o
                0x20000014                uwTickFreq
 *(.RamFunc)
 *(.RamFunc*)
                0x20000018                        . = ALIGN (0x4)
 *fill*         0x20000015        0x3 
                0x20000018                        _edata = .

.igot.plt       0x20000018        0x0 load address 0x08005a7c
 .igot.plt      0x20000018        0x0 C:/ST/STM32CubeIDE_1.13.2/STM32CubeIDE/plugins/com.st.stm32cube.ide.mcu.externaltools.gnu-tools-for-stm32.12.3.rel1.win32_1.0.100.202403111256/tools/bin/../lib/gcc/arm-none-eabi/12.3.1/thumb/v8-m.main+fp/hard/crtbegin.o
                0x20000018                        . = ALIGN (0x4)

.bss            0x20000018      0x414 load address 0x08005a7c
                0x20000018                        _sbss = .
                0x20000018                        __bss_start__ = _sbss
 *(.bss)
 .bss           0x20000018       0x1c C:/ST/STM32CubeIDE_1.13.2/STM32CubeIDE/plugins/com.st.stm32cube.ide.mcu.externaltools.gnu-tools-for-stm32.12.3.rel1.win32_1.0.100.202403111256/tools/bin/../lib/gcc/arm-none-eabi/12.3.1/thumb/v8-m.main+fp/hard/crtbegin.o
 *(.bss*)
 .bss.htim2     0x20000034       0x4c ./Core/Src/main.o
                0x20000034                htim2
 .bss.huart1    0x20000080       0x94 ./Core/Src/main.o
                0x20000080                huart1
 .bss.hpcd_USB_DRD_FS
                0x20000114      0x308 ./Core/Src/main.o
                0x20000114                hpcd_USB_DRD_FS
 .bss.inout     0x2000041c        0x4 ./Core/Src/main.o
                0x2000041c                inout
 .bss.LedStatus
                0x20000420        0x8 ./Core/Src/main.o
                0x20000420                LedStatus
 .bss.uwTick    0x20000428        0x4 ./Drivers/STM32H5xx_HAL_Driver/Src/stm32h5xx_hal.o
                0x20000428                uwTick
 *(COMMON)
                0x2000042c                        . = ALIGN (0x4)
                0x2000042c                        _ebss = .
                0x2000042c                        __bss_end__ = _ebss

._user_heap_stack
                0x2000042c      0x604 load address 0x08005a7c
                0x20000430                        . = ALIGN (0x8)
 *fill*         0x2000042c        0x4 
                [!provide]                        PROVIDE (end = .)
                0x20000430                        PROVIDE (_end = .)
                0x20000630                        . = (. + _Min_Heap_Size)
 *fill*         0x20000430      0x200 
                0x20000a30                        . = (. + _Min_Stack_Size)
 *fill*         0x20000630      0x400 
                0x20000a30                        . = ALIGN (0x8)

/DISCARD/
 libc.a(*)
 libm.a(*)
 libgcc.a(*)

.ARM.attributes
                0x00000000       0x36
 *(.ARM.attributes)
 .ARM.attributes
                0x00000000       0x26 C:/ST/STM32CubeIDE_1.13.2/STM32CubeIDE/plugins/com.st.stm32cube.ide.mcu.externaltools.gnu-tools-for-stm32.12.3.rel1.win32_1.0.100.202403111256/tools/bin/../lib/gcc/arm-none-eabi/12.3.1/thumb/v8-m.main+fp/hard/crti.o
 .ARM.attributes
                0x00000026       0x38 C:/ST/STM32CubeIDE_1.13.2/STM32CubeIDE/plugins/com.st.stm32cube.ide.mcu.externaltools.gnu-tools-for-stm32.12.3.rel1.win32_1.0.100.202403111256/tools/bin/../lib/gcc/arm-none-eabi/12.3.1/thumb/v8-m.main+fp/hard/crtbegin.o
 .ARM.attributes
                0x0000005e       0x3a ./Core/Src/main.o
 .ARM.attributes
                0x00000098       0x3a ./Core/Src/stm32h5xx_hal_msp.o
 .ARM.attributes
                0x000000d2       0x3a ./Core/Src/stm32h5xx_it.o
 .ARM.attributes
                0x0000010c       0x3a ./Core/Src/system_stm32h5xx.o
 .ARM.attributes
                0x00000146       0x24 ./Core/Startup/startup_stm32h503rbtx.o
 .ARM.attributes
                0x0000016a       0x3a ./Drivers/STM32H5xx_HAL_Driver/Src/stm32h5xx_hal.o
 .ARM.attributes
                0x000001a4       0x3a ./Drivers/STM32H5xx_HAL_Driver/Src/stm32h5xx_hal_cortex.o
 .ARM.attributes
                0x000001de       0x3a ./Drivers/STM32H5xx_HAL_Driver/Src/stm32h5xx_hal_gpio.o
 .ARM.attributes
                0x00000218       0x3a ./Drivers/STM32H5xx_HAL_Driver/Src/stm32h5xx_hal_icache.o
 .ARM.attributes
                0x00000252       0x3a ./Drivers/STM32H5xx_HAL_Driver/Src/stm32h5xx_hal_pcd.o
 .ARM.attributes
                0x0000028c       0x3a ./Drivers/STM32H5xx_HAL_Driver/Src/stm32h5xx_hal_pcd_ex.o
 .ARM.attributes
                0x000002c6       0x3a ./Drivers/STM32H5xx_HAL_Driver/Src/stm32h5xx_hal_rcc.o
 .ARM.attributes
                0x00000300       0x3a ./Drivers/STM32H5xx_HAL_Driver/Src/stm32h5xx_hal_rcc_ex.o
 .ARM.attributes
                0x0000033a       0x3a ./Drivers/STM32H5xx_HAL_Driver/Src/stm32h5xx_hal_tim.o
 .ARM.attributes
                0x00000374       0x3a ./Drivers/STM32H5xx_HAL_Driver/Src/stm32h5xx_hal_tim_ex.o
 .ARM.attributes
                0x000003ae       0x3a ./Drivers/STM32H5xx_HAL_Driver/Src/stm32h5xx_hal_uart.o
 .ARM.attributes
                0x000003e8       0x3a ./Drivers/STM32H5xx_HAL_Driver/Src/stm32h5xx_hal_uart_ex.o
 .ARM.attributes
                0x00000422       0x3a ./Drivers/STM32H5xx_HAL_Driver/Src/stm32h5xx_ll_usb.o
 .ARM.attributes
                0x0000045c       0x38 C:/ST/STM32CubeIDE_1.13.2/STM32CubeIDE/plugins/com.st.stm32cube.ide.mcu.externaltools.gnu-tools-for-stm32.12.3.rel1.win32_1.0.100.202403111256/tools/bin/../lib/gcc/arm-none-eabi/12.3.1/../../../../arm-none-eabi/lib/thumb/v8-m.main+fp/hard\libc_nano.a(libc_a-memset.o)
 .ARM.attributes
                0x00000494       0x38 C:/ST/STM32CubeIDE_1.13.2/STM32CubeIDE/plugins/com.st.stm32cube.ide.mcu.externaltools.gnu-tools-for-stm32.12.3.rel1.win32_1.0.100.202403111256/tools/bin/../lib/gcc/arm-none-eabi/12.3.1/../../../../arm-none-eabi/lib/thumb/v8-m.main+fp/hard\libc_nano.a(libc_a-init.o)
 .ARM.attributes
                0x000004cc       0x26 C:/ST/STM32CubeIDE_1.13.2/STM32CubeIDE/plugins/com.st.stm32cube.ide.mcu.externaltools.gnu-tools-for-stm32.12.3.rel1.win32_1.0.100.202403111256/tools/bin/../lib/gcc/arm-none-eabi/12.3.1/thumb/v8-m.main+fp/hard\libgcc.a(_aeabi_uldivmod.o)
 .ARM.attributes
                0x000004f2       0x38 C:/ST/STM32CubeIDE_1.13.2/STM32CubeIDE/plugins/com.st.stm32cube.ide.mcu.externaltools.gnu-tools-for-stm32.12.3.rel1.win32_1.0.100.202403111256/tools/bin/../lib/gcc/arm-none-eabi/12.3.1/thumb/v8-m.main+fp/hard\libgcc.a(_udivmoddi4.o)
 .ARM.attributes
                0x0000052a       0x26 C:/ST/STM32CubeIDE_1.13.2/STM32CubeIDE/plugins/com.st.stm32cube.ide.mcu.externaltools.gnu-tools-for-stm32.12.3.rel1.win32_1.0.100.202403111256/tools/bin/../lib/gcc/arm-none-eabi/12.3.1/thumb/v8-m.main+fp/hard\libgcc.a(_dvmd_tls.o)
 .ARM.attributes
                0x00000550       0x26 C:/ST/STM32CubeIDE_1.13.2/STM32CubeIDE/plugins/com.st.stm32cube.ide.mcu.externaltools.gnu-tools-for-stm32.12.3.rel1.win32_1.0.100.202403111256/tools/bin/../lib/gcc/arm-none-eabi/12.3.1/thumb/v8-m.main+fp/hard/crtn.o
OUTPUT(Micro tarea 1.elf elf32-littlearm)
LOAD linker stubs
LOAD C:/ST/STM32CubeIDE_1.13.2/STM32CubeIDE/plugins/com.st.stm32cube.ide.mcu.externaltools.gnu-tools-for-stm32.12.3.rel1.win32_1.0.100.202403111256/tools/bin/../lib/gcc/arm-none-eabi/12.3.1/../../../../arm-none-eabi/lib/thumb/v8-m.main+fp/hard\libc.a
LOAD C:/ST/STM32CubeIDE_1.13.2/STM32CubeIDE/plugins/com.st.stm32cube.ide.mcu.externaltools.gnu-tools-for-stm32.12.3.rel1.win32_1.0.100.202403111256/tools/bin/../lib/gcc/arm-none-eabi/12.3.1/../../../../arm-none-eabi/lib/thumb/v8-m.main+fp/hard\libm.a
LOAD C:/ST/STM32CubeIDE_1.13.2/STM32CubeIDE/plugins/com.st.stm32cube.ide.mcu.externaltools.gnu-tools-for-stm32.12.3.rel1.win32_1.0.100.202403111256/tools/bin/../lib/gcc/arm-none-eabi/12.3.1/thumb/v8-m.main+fp/hard\libgcc.a

.debug_info     0x00000000    0x166b7
 .debug_info    0x00000000     0x1eca ./Core/Src/main.o
 .debug_info    0x00001eca     0x1979 ./Core/Src/stm32h5xx_hal_msp.o
 .debug_info    0x00003843      0x128 ./Core/Src/stm32h5xx_it.o
 .debug_info    0x0000396b      0xc0b ./Core/Src/system_stm32h5xx.o
 .debug_info    0x00004576       0x30 ./Core/Startup/startup_stm32h503rbtx.o
 .debug_info    0x000045a6     0x1031 ./Drivers/STM32H5xx_HAL_Driver/Src/stm32h5xx_hal.o
 .debug_info    0x000055d7     0x14c8 ./Drivers/STM32H5xx_HAL_Driver/Src/stm32h5xx_hal_cortex.o
 .debug_info    0x00006a9f      0x6aa ./Drivers/STM32H5xx_HAL_Driver/Src/stm32h5xx_hal_gpio.o
 .debug_info    0x00007149      0x38a ./Drivers/STM32H5xx_HAL_Driver/Src/stm32h5xx_hal_icache.o
 .debug_info    0x000074d3     0x1433 ./Drivers/STM32H5xx_HAL_Driver/Src/stm32h5xx_hal_pcd.o
 .debug_info    0x00008906      0x7cb ./Drivers/STM32H5xx_HAL_Driver/Src/stm32h5xx_hal_pcd_ex.o
 .debug_info    0x000090d1      0xfdf ./Drivers/STM32H5xx_HAL_Driver/Src/stm32h5xx_hal_rcc.o
 .debug_info    0x0000a0b0      0xf52 ./Drivers/STM32H5xx_HAL_Driver/Src/stm32h5xx_hal_rcc_ex.o
 .debug_info    0x0000b002     0x2e48 ./Drivers/STM32H5xx_HAL_Driver/Src/stm32h5xx_hal_tim.o
 .debug_info    0x0000de4a     0x1e9e ./Drivers/STM32H5xx_HAL_Driver/Src/stm32h5xx_hal_tim_ex.o
 .debug_info    0x0000fce8     0x4030 ./Drivers/STM32H5xx_HAL_Driver/Src/stm32h5xx_hal_uart.o
 .debug_info    0x00013d18     0x10ed ./Drivers/STM32H5xx_HAL_Driver/Src/stm32h5xx_hal_uart_ex.o
 .debug_info    0x00014e05     0x18b2 ./Drivers/STM32H5xx_HAL_Driver/Src/stm32h5xx_ll_usb.o

.debug_abbrev   0x00000000     0x297b
 .debug_abbrev  0x00000000      0x3b0 ./Core/Src/main.o
 .debug_abbrev  0x000003b0      0x25d ./Core/Src/stm32h5xx_hal_msp.o
 .debug_abbrev  0x0000060d       0x73 ./Core/Src/stm32h5xx_it.o
 .debug_abbrev  0x00000680      0x13a ./Core/Src/system_stm32h5xx.o
 .debug_abbrev  0x000007ba       0x24 ./Core/Startup/startup_stm32h503rbtx.o
 .debug_abbrev  0x000007de      0x299 ./Drivers/STM32H5xx_HAL_Driver/Src/stm32h5xx_hal.o
 .debug_abbrev  0x00000a77      0x30d ./Drivers/STM32H5xx_HAL_Driver/Src/stm32h5xx_hal_cortex.o
 .debug_abbrev  0x00000d84      0x1db ./Drivers/STM32H5xx_HAL_Driver/Src/stm32h5xx_hal_gpio.o
 .debug_abbrev  0x00000f5f      0x1e4 ./Drivers/STM32H5xx_HAL_Driver/Src/stm32h5xx_hal_icache.o
 .debug_abbrev  0x00001143      0x307 ./Drivers/STM32H5xx_HAL_Driver/Src/stm32h5xx_hal_pcd.o
 .debug_abbrev  0x0000144a      0x228 ./Drivers/STM32H5xx_HAL_Driver/Src/stm32h5xx_hal_pcd_ex.o
 .debug_abbrev  0x00001672      0x28e ./Drivers/STM32H5xx_HAL_Driver/Src/stm32h5xx_hal_rcc.o
 .debug_abbrev  0x00001900      0x25c ./Drivers/STM32H5xx_HAL_Driver/Src/stm32h5xx_hal_rcc_ex.o
 .debug_abbrev  0x00001b5c      0x2bd ./Drivers/STM32H5xx_HAL_Driver/Src/stm32h5xx_hal_tim.o
 .debug_abbrev  0x00001e19      0x2c7 ./Drivers/STM32H5xx_HAL_Driver/Src/stm32h5xx_hal_tim_ex.o
 .debug_abbrev  0x000020e0      0x305 ./Drivers/STM32H5xx_HAL_Driver/Src/stm32h5xx_hal_uart.o
 .debug_abbrev  0x000023e5      0x2d4 ./Drivers/STM32H5xx_HAL_Driver/Src/stm32h5xx_hal_uart_ex.o
 .debug_abbrev  0x000026b9      0x2c2 ./Drivers/STM32H5xx_HAL_Driver/Src/stm32h5xx_ll_usb.o

.debug_aranges  0x00000000     0x12e8
 .debug_aranges
                0x00000000       0xa0 ./Core/Src/main.o
 .debug_aranges
                0x000000a0       0x50 ./Core/Src/stm32h5xx_hal_msp.o
 .debug_aranges
                0x000000f0       0x60 ./Core/Src/stm32h5xx_it.o
 .debug_aranges
                0x00000150       0x28 ./Core/Src/system_stm32h5xx.o
 .debug_aranges
                0x00000178       0x28 ./Core/Startup/startup_stm32h503rbtx.o
 .debug_aranges
                0x000001a0      0x1a0 ./Drivers/STM32H5xx_HAL_Driver/Src/stm32h5xx_hal.o
 .debug_aranges
                0x00000340      0x130 ./Drivers/STM32H5xx_HAL_Driver/Src/stm32h5xx_hal_cortex.o
 .debug_aranges
                0x00000470       0x78 ./Drivers/STM32H5xx_HAL_Driver/Src/stm32h5xx_hal_gpio.o
 .debug_aranges
                0x000004e8       0x98 ./Drivers/STM32H5xx_HAL_Driver/Src/stm32h5xx_hal_icache.o
 .debug_aranges
                0x00000580      0x150 ./Drivers/STM32H5xx_HAL_Driver/Src/stm32h5xx_hal_pcd.o
 .debug_aranges
                0x000006d0       0x58 ./Drivers/STM32H5xx_HAL_Driver/Src/stm32h5xx_hal_pcd_ex.o
 .debug_aranges
                0x00000728       0xa0 ./Drivers/STM32H5xx_HAL_Driver/Src/stm32h5xx_hal_rcc.o
 .debug_aranges
                0x000007c8       0xe8 ./Drivers/STM32H5xx_HAL_Driver/Src/stm32h5xx_hal_rcc_ex.o
 .debug_aranges
                0x000008b0      0x3e8 ./Drivers/STM32H5xx_HAL_Driver/Src/stm32h5xx_hal_tim.o
 .debug_aranges
                0x00000c98      0x240 ./Drivers/STM32H5xx_HAL_Driver/Src/stm32h5xx_hal_tim_ex.o
 .debug_aranges
                0x00000ed8      0x248 ./Drivers/STM32H5xx_HAL_Driver/Src/stm32h5xx_hal_uart.o
 .debug_aranges
                0x00001120       0xa8 ./Drivers/STM32H5xx_HAL_Driver/Src/stm32h5xx_hal_uart_ex.o
 .debug_aranges
                0x000011c8      0x120 ./Drivers/STM32H5xx_HAL_Driver/Src/stm32h5xx_ll_usb.o

.debug_rnglists
                0x00000000      0xebf
 .debug_rnglists
                0x00000000       0x7a ./Core/Src/main.o
 .debug_rnglists
                0x0000007a       0x39 ./Core/Src/stm32h5xx_hal_msp.o
 .debug_rnglists
                0x000000b3       0x43 ./Core/Src/stm32h5xx_it.o
 .debug_rnglists
                0x000000f6       0x1b ./Core/Src/system_stm32h5xx.o
 .debug_rnglists
                0x00000111       0x19 ./Core/Startup/startup_stm32h503rbtx.o
 .debug_rnglists
                0x0000012a      0x133 ./Drivers/STM32H5xx_HAL_Driver/Src/stm32h5xx_hal.o
 .debug_rnglists
                0x0000025d       0xe0 ./Drivers/STM32H5xx_HAL_Driver/Src/stm32h5xx_hal_cortex.o
 .debug_rnglists
                0x0000033d       0x57 ./Drivers/STM32H5xx_HAL_Driver/Src/stm32h5xx_hal_gpio.o
 .debug_rnglists
                0x00000394       0x6d ./Drivers/STM32H5xx_HAL_Driver/Src/stm32h5xx_hal_icache.o
 .debug_rnglists
                0x00000401      0x100 ./Drivers/STM32H5xx_HAL_Driver/Src/stm32h5xx_hal_pcd.o
 .debug_rnglists
                0x00000501       0x3f ./Drivers/STM32H5xx_HAL_Driver/Src/stm32h5xx_hal_pcd_ex.o
 .debug_rnglists
                0x00000540       0x79 ./Drivers/STM32H5xx_HAL_Driver/Src/stm32h5xx_hal_rcc.o
 .debug_rnglists
                0x000005b9       0xb4 ./Drivers/STM32H5xx_HAL_Driver/Src/stm32h5xx_hal_rcc_ex.o
 .debug_rnglists
                0x0000066d      0x330 ./Drivers/STM32H5xx_HAL_Driver/Src/stm32h5xx_hal_tim.o
 .debug_rnglists
                0x0000099d      0x1cb ./Drivers/STM32H5xx_HAL_Driver/Src/stm32h5xx_hal_tim_ex.o
 .debug_rnglists
                0x00000b68      0x1f9 ./Drivers/STM32H5xx_HAL_Driver/Src/stm32h5xx_hal_uart.o
 .debug_rnglists
                0x00000d61       0x7f ./Drivers/STM32H5xx_HAL_Driver/Src/stm32h5xx_hal_uart_ex.o
 .debug_rnglists
                0x00000de0       0xdf ./Drivers/STM32H5xx_HAL_Driver/Src/stm32h5xx_ll_usb.o

.debug_macro    0x00000000    0x21cf9
 .debug_macro   0x00000000      0x346 ./Core/Src/main.o
 .debug_macro   0x00000346      0xaba ./Core/Src/main.o
 .debug_macro   0x00000e00      0x1d6 ./Core/Src/main.o
 .debug_macro   0x00000fd6       0x22 ./Core/Src/main.o
 .debug_macro   0x00000ff8       0x5b ./Core/Src/main.o
 .debug_macro   0x00001053       0x2a ./Core/Src/main.o
 .debug_macro   0x0000107d       0x94 ./Core/Src/main.o
 .debug_macro   0x00001111       0x43 ./Core/Src/main.o
 .debug_macro   0x00001154       0x34 ./Core/Src/main.o
 .debug_macro   0x00001188      0x189 ./Core/Src/main.o
 .debug_macro   0x00001311       0x16 ./Core/Src/main.o
 .debug_macro   0x00001327       0x43 ./Core/Src/main.o
 .debug_macro   0x0000136a       0x57 ./Core/Src/main.o
 .debug_macro   0x000013c1       0x34 ./Core/Src/main.o
 .debug_macro   0x000013f5       0x10 ./Core/Src/main.o
 .debug_macro   0x00001405       0x58 ./Core/Src/main.o
 .debug_macro   0x0000145d       0x8e ./Core/Src/main.o
 .debug_macro   0x000014eb       0x1c ./Core/Src/main.o
 .debug_macro   0x00001507      0x177 ./Core/Src/main.o
 .debug_macro   0x0000167e      0x369 ./Core/Src/main.o
 .debug_macro   0x000019e7      0x19b ./Core/Src/main.o
 .debug_macro   0x00001b82       0x28 ./Core/Src/main.o
 .debug_macro   0x00001baa       0x42 ./Core/Src/main.o
 .debug_macro   0x00001bec      0x103 ./Core/Src/main.o
 .debug_macro   0x00001cef       0x6a ./Core/Src/main.o
 .debug_macro   0x00001d59      0x1df ./Core/Src/main.o
 .debug_macro   0x00001f38       0x1c ./Core/Src/main.o
 .debug_macro   0x00001f54       0x29 ./Core/Src/main.o
 .debug_macro   0x00001f7d       0xfb ./Core/Src/main.o
 .debug_macro   0x00002078     0x1685 ./Core/Src/main.o
 .debug_macro   0x000036fd       0x5e ./Core/Src/main.o
 .debug_macro   0x0000375b    0x12b4b ./Core/Src/main.o
 .debug_macro   0x000162a6       0x6d ./Core/Src/main.o
 .debug_macro   0x00016313     0x387c ./Core/Src/main.o
 .debug_macro   0x00019b8f       0x63 ./Core/Src/main.o
 .debug_macro   0x00019bf2     0x146a ./Core/Src/main.o
 .debug_macro   0x0001b05c      0x75e ./Core/Src/main.o
 .debug_macro   0x0001b7ba      0x15f ./Core/Src/main.o
 .debug_macro   0x0001b919      0x1a6 ./Core/Src/main.o
 .debug_macro   0x0001babf       0x6e ./Core/Src/main.o
 .debug_macro   0x0001bb2d      0x527 ./Core/Src/main.o
 .debug_macro   0x0001c054      0x40f ./Core/Src/main.o
 .debug_macro   0x0001c463       0xd6 ./Core/Src/main.o
 .debug_macro   0x0001c539      0x1ce ./Core/Src/main.o
 .debug_macro   0x0001c707      0x1c3 ./Core/Src/main.o
 .debug_macro   0x0001c8ca      0x4c5 ./Core/Src/main.o
 .debug_macro   0x0001cd8f       0x58 ./Core/Src/main.o
 .debug_macro   0x0001cde7      0x272 ./Core/Src/main.o
 .debug_macro   0x0001d059      0x1a6 ./Core/Src/main.o
 .debug_macro   0x0001d1ff      0xbe8 ./Core/Src/main.o
 .debug_macro   0x0001dde7      0x2af ./Core/Src/main.o
 .debug_macro   0x0001e096      0x693 ./Core/Src/main.o
 .debug_macro   0x0001e729       0xa6 ./Core/Src/main.o
 .debug_macro   0x0001e7cf      0x21e ./Core/Src/main.o
 .debug_macro   0x0001e9ed      0x169 ./Core/Src/main.o
 .debug_macro   0x0001eb56      0x299 ./Core/Src/main.o
 .debug_macro   0x0001edef      0x326 ./Core/Src/main.o
 .debug_macro   0x0001f115       0xe8 ./Core/Src/main.o
 .debug_macro   0x0001f1fd      0x2aa ./Core/Src/stm32h5xx_hal_msp.o
 .debug_macro   0x0001f4a7      0x2b4 ./Core/Src/stm32h5xx_it.o
 .debug_macro   0x0001f75b      0x2a2 ./Core/Src/system_stm32h5xx.o
 .debug_macro   0x0001f9fd      0x2cb ./Drivers/STM32H5xx_HAL_Driver/Src/stm32h5xx_hal.o
 .debug_macro   0x0001fcc8      0x29b ./Drivers/STM32H5xx_HAL_Driver/Src/stm32h5xx_hal_cortex.o
 .debug_macro   0x0001ff63      0x2d1 ./Drivers/STM32H5xx_HAL_Driver/Src/stm32h5xx_hal_gpio.o
 .debug_macro   0x00020234      0x2b3 ./Drivers/STM32H5xx_HAL_Driver/Src/stm32h5xx_hal_icache.o
 .debug_macro   0x000204e7      0x2a7 ./Drivers/STM32H5xx_HAL_Driver/Src/stm32h5xx_hal_pcd.o
 .debug_macro   0x0002078e      0x29b ./Drivers/STM32H5xx_HAL_Driver/Src/stm32h5xx_hal_pcd_ex.o
 .debug_macro   0x00020a29      0x2dd ./Drivers/STM32H5xx_HAL_Driver/Src/stm32h5xx_hal_rcc.o
 .debug_macro   0x00020d06      0x2a7 ./Drivers/STM32H5xx_HAL_Driver/Src/stm32h5xx_hal_rcc_ex.o
 .debug_macro   0x00020fad      0x2a3 ./Drivers/STM32H5xx_HAL_Driver/Src/stm32h5xx_hal_tim.o
 .debug_macro   0x00021250      0x2a1 ./Drivers/STM32H5xx_HAL_Driver/Src/stm32h5xx_hal_tim_ex.o
 .debug_macro   0x000214f1      0x2c6 ./Drivers/STM32H5xx_HAL_Driver/Src/stm32h5xx_hal_uart.o
 .debug_macro   0x000217b7      0x2a7 ./Drivers/STM32H5xx_HAL_Driver/Src/stm32h5xx_hal_uart_ex.o
 .debug_macro   0x00021a5e      0x29b ./Drivers/STM32H5xx_HAL_Driver/Src/stm32h5xx_ll_usb.o

.debug_line     0x00000000    0x16ea9
 .debug_line    0x00000000      0xd29 ./Core/Src/main.o
 .debug_line    0x00000d29      0x9da ./Core/Src/stm32h5xx_hal_msp.o
 .debug_line    0x00001703      0x9a8 ./Core/Src/stm32h5xx_it.o
 .debug_line    0x000020ab      0xa57 ./Core/Src/system_stm32h5xx.o
 .debug_line    0x00002b02       0x77 ./Core/Startup/startup_stm32h503rbtx.o
 .debug_line    0x00002b79      0xe69 ./Drivers/STM32H5xx_HAL_Driver/Src/stm32h5xx_hal.o
 .debug_line    0x000039e2      0xf11 ./Drivers/STM32H5xx_HAL_Driver/Src/stm32h5xx_hal_cortex.o
 .debug_line    0x000048f3      0xce2 ./Drivers/STM32H5xx_HAL_Driver/Src/stm32h5xx_hal_gpio.o
 .debug_line    0x000055d5      0xb25 ./Drivers/STM32H5xx_HAL_Driver/Src/stm32h5xx_hal_icache.o
 .debug_line    0x000060fa     0x15cb ./Drivers/STM32H5xx_HAL_Driver/Src/stm32h5xx_hal_pcd.o
 .debug_line    0x000076c5      0xa7b ./Drivers/STM32H5xx_HAL_Driver/Src/stm32h5xx_hal_pcd_ex.o
 .debug_line    0x00008140     0x1341 ./Drivers/STM32H5xx_HAL_Driver/Src/stm32h5xx_hal_rcc.o
 .debug_line    0x00009481     0x1c1d ./Drivers/STM32H5xx_HAL_Driver/Src/stm32h5xx_hal_rcc_ex.o
 .debug_line    0x0000b09e     0x3dc2 ./Drivers/STM32H5xx_HAL_Driver/Src/stm32h5xx_hal_tim.o
 .debug_line    0x0000ee60     0x20db ./Drivers/STM32H5xx_HAL_Driver/Src/stm32h5xx_hal_tim_ex.o
 .debug_line    0x00010f3b     0x39a2 ./Drivers/STM32H5xx_HAL_Driver/Src/stm32h5xx_hal_uart.o
 .debug_line    0x000148dd      0xf2a ./Drivers/STM32H5xx_HAL_Driver/Src/stm32h5xx_hal_uart_ex.o
 .debug_line    0x00015807     0x16a2 ./Drivers/STM32H5xx_HAL_Driver/Src/stm32h5xx_ll_usb.o

.debug_str      0x00000000    0xd6811
 .debug_str     0x00000000    0xd1288 ./Core/Src/main.o
                              0xd16c4 (size before relaxing)
 .debug_str     0x000d1288      0x328 ./Core/Src/stm32h5xx_hal_msp.o
                              0xd12ce (size before relaxing)
 .debug_str     0x000d15b0       0xc9 ./Core/Src/stm32h5xx_it.o
                              0xd00cb (size before relaxing)
 .debug_str     0x000d1679      0x2e9 ./Core/Src/system_stm32h5xx.o
                              0xd01b4 (size before relaxing)
 .debug_str     0x000d1962       0x44 ./Core/Startup/startup_stm32h503rbtx.o
                                 0x93 (size before relaxing)
 .debug_str     0x000d19a6      0xccf ./Drivers/STM32H5xx_HAL_Driver/Src/stm32h5xx_hal.o
                              0xd0cd6 (size before relaxing)
 .debug_str     0x000d2675      0x3bd ./Drivers/STM32H5xx_HAL_Driver/Src/stm32h5xx_hal_cortex.o
                              0xd0a2d (size before relaxing)
 .debug_str     0x000d2a32      0x2b5 ./Drivers/STM32H5xx_HAL_Driver/Src/stm32h5xx_hal_gpio.o
                              0xd0090 (size before relaxing)
 .debug_str     0x000d2ce7      0x343 ./Drivers/STM32H5xx_HAL_Driver/Src/stm32h5xx_hal_icache.o
                              0xd0044 (size before relaxing)
 .debug_str     0x000d302a      0x57b ./Drivers/STM32H5xx_HAL_Driver/Src/stm32h5xx_hal_pcd.o
                              0xd0676 (size before relaxing)
 .debug_str     0x000d35a5      0x186 ./Drivers/STM32H5xx_HAL_Driver/Src/stm32h5xx_hal_pcd_ex.o
                              0xd028d (size before relaxing)
 .debug_str     0x000d372b      0x38a ./Drivers/STM32H5xx_HAL_Driver/Src/stm32h5xx_hal_rcc.o
                              0xd06f4 (size before relaxing)
 .debug_str     0x000d3ab5      0x5b1 ./Drivers/STM32H5xx_HAL_Driver/Src/stm32h5xx_hal_rcc_ex.o
                              0xd084b (size before relaxing)
 .debug_str     0x000d4066      0xf55 ./Drivers/STM32H5xx_HAL_Driver/Src/stm32h5xx_hal_tim.o
                              0xd14e0 (size before relaxing)
 .debug_str     0x000d4fbb      0x919 ./Drivers/STM32H5xx_HAL_Driver/Src/stm32h5xx_hal_tim_ex.o
                              0xd110a (size before relaxing)
 .debug_str     0x000d58d4      0x94b ./Drivers/STM32H5xx_HAL_Driver/Src/stm32h5xx_hal_uart.o
                              0xd0d77 (size before relaxing)
 .debug_str     0x000d621f      0x264 ./Drivers/STM32H5xx_HAL_Driver/Src/stm32h5xx_hal_uart_ex.o
                              0xd0748 (size before relaxing)
 .debug_str     0x000d6483      0x38e ./Drivers/STM32H5xx_HAL_Driver/Src/stm32h5xx_ll_usb.o
                              0xd0444 (size before relaxing)

.comment        0x00000000       0x43
 .comment       0x00000000       0x43 ./Core/Src/main.o
                                 0x44 (size before relaxing)
 .comment       0x00000043       0x44 ./Core/Src/stm32h5xx_hal_msp.o
 .comment       0x00000043       0x44 ./Core/Src/stm32h5xx_it.o
 .comment       0x00000043       0x44 ./Core/Src/system_stm32h5xx.o
 .comment       0x00000043       0x44 ./Drivers/STM32H5xx_HAL_Driver/Src/stm32h5xx_hal.o
 .comment       0x00000043       0x44 ./Drivers/STM32H5xx_HAL_Driver/Src/stm32h5xx_hal_cortex.o
 .comment       0x00000043       0x44 ./Drivers/STM32H5xx_HAL_Driver/Src/stm32h5xx_hal_gpio.o
 .comment       0x00000043       0x44 ./Drivers/STM32H5xx_HAL_Driver/Src/stm32h5xx_hal_icache.o
 .comment       0x00000043       0x44 ./Drivers/STM32H5xx_HAL_Driver/Src/stm32h5xx_hal_pcd.o
 .comment       0x00000043       0x44 ./Drivers/STM32H5xx_HAL_Driver/Src/stm32h5xx_hal_pcd_ex.o
 .comment       0x00000043       0x44 ./Drivers/STM32H5xx_HAL_Driver/Src/stm32h5xx_hal_rcc.o
 .comment       0x00000043       0x44 ./Drivers/STM32H5xx_HAL_Driver/Src/stm32h5xx_hal_rcc_ex.o
 .comment       0x00000043       0x44 ./Drivers/STM32H5xx_HAL_Driver/Src/stm32h5xx_hal_tim.o
 .comment       0x00000043       0x44 ./Drivers/STM32H5xx_HAL_Driver/Src/stm32h5xx_hal_tim_ex.o
 .comment       0x00000043       0x44 ./Drivers/STM32H5xx_HAL_Driver/Src/stm32h5xx_hal_uart.o
 .comment       0x00000043       0x44 ./Drivers/STM32H5xx_HAL_Driver/Src/stm32h5xx_hal_uart_ex.o
 .comment       0x00000043       0x44 ./Drivers/STM32H5xx_HAL_Driver/Src/stm32h5xx_ll_usb.o

.debug_frame    0x00000000     0x5190
 .debug_frame   0x00000000      0x218 ./Core/Src/main.o
 .debug_frame   0x00000218      0x118 ./Core/Src/stm32h5xx_hal_msp.o
 .debug_frame   0x00000330      0x104 ./Core/Src/stm32h5xx_it.o
 .debug_frame   0x00000434       0x60 ./Core/Src/system_stm32h5xx.o
 .debug_frame   0x00000494      0x66c ./Drivers/STM32H5xx_HAL_Driver/Src/stm32h5xx_hal.o
 .debug_frame   0x00000b00      0x508 ./Drivers/STM32H5xx_HAL_Driver/Src/stm32h5xx_hal_cortex.o
 .debug_frame   0x00001008      0x1ec ./Drivers/STM32H5xx_HAL_Driver/Src/stm32h5xx_hal_gpio.o
 .debug_frame   0x000011f4      0x24c ./Drivers/STM32H5xx_HAL_Driver/Src/stm32h5xx_hal_icache.o
 .debug_frame   0x00001440      0x5e8 ./Drivers/STM32H5xx_HAL_Driver/Src/stm32h5xx_hal_pcd.o
 .debug_frame   0x00001a28      0x14c ./Drivers/STM32H5xx_HAL_Driver/Src/stm32h5xx_hal_pcd_ex.o
 .debug_frame   0x00001b74      0x264 ./Drivers/STM32H5xx_HAL_Driver/Src/stm32h5xx_hal_rcc.o
 .debug_frame   0x00001dd8      0x3d0 ./Drivers/STM32H5xx_HAL_Driver/Src/stm32h5xx_hal_rcc_ex.o
 .debug_frame   0x000021a8     0x124c ./Drivers/STM32H5xx_HAL_Driver/Src/stm32h5xx_hal_tim.o
 .debug_frame   0x000033f4      0xa68 ./Drivers/STM32H5xx_HAL_Driver/Src/stm32h5xx_hal_tim_ex.o
 .debug_frame   0x00003e5c      0xa84 ./Drivers/STM32H5xx_HAL_Driver/Src/stm32h5xx_hal_uart.o
 .debug_frame   0x000048e0      0x2c0 ./Drivers/STM32H5xx_HAL_Driver/Src/stm32h5xx_hal_uart_ex.o
 .debug_frame   0x00004ba0      0x540 ./Drivers/STM32H5xx_HAL_Driver/Src/stm32h5xx_ll_usb.o
 .debug_frame   0x000050e0       0x20 C:/ST/STM32CubeIDE_1.13.2/STM32CubeIDE/plugins/com.st.stm32cube.ide.mcu.externaltools.gnu-tools-for-stm32.12.3.rel1.win32_1.0.100.202403111256/tools/bin/../lib/gcc/arm-none-eabi/12.3.1/../../../../arm-none-eabi/lib/thumb/v8-m.main+fp/hard\libc_nano.a(libc_a-memset.o)
 .debug_frame   0x00005100       0x2c C:/ST/STM32CubeIDE_1.13.2/STM32CubeIDE/plugins/com.st.stm32cube.ide.mcu.externaltools.gnu-tools-for-stm32.12.3.rel1.win32_1.0.100.202403111256/tools/bin/../lib/gcc/arm-none-eabi/12.3.1/../../../../arm-none-eabi/lib/thumb/v8-m.main+fp/hard\libc_nano.a(libc_a-init.o)
 .debug_frame   0x0000512c       0x2c C:/ST/STM32CubeIDE_1.13.2/STM32CubeIDE/plugins/com.st.stm32cube.ide.mcu.externaltools.gnu-tools-for-stm32.12.3.rel1.win32_1.0.100.202403111256/tools/bin/../lib/gcc/arm-none-eabi/12.3.1/thumb/v8-m.main+fp/hard\libgcc.a(_aeabi_uldivmod.o)
 .debug_frame   0x00005158       0x38 C:/ST/STM32CubeIDE_1.13.2/STM32CubeIDE/plugins/com.st.stm32cube.ide.mcu.externaltools.gnu-tools-for-stm32.12.3.rel1.win32_1.0.100.202403111256/tools/bin/../lib/gcc/arm-none-eabi/12.3.1/thumb/v8-m.main+fp/hard\libgcc.a(_udivmoddi4.o)

.debug_line_str
                0x00000000       0x77
 .debug_line_str
                0x00000000       0x77 ./Core/Startup/startup_stm32h503rbtx.o
